{
  "version": "1.5.0",
  "plugins_used": [
    {
      "name": "ArtifactoryDetector"
    },
    {
      "name": "AWSKeyDetector"
    },
    {
      "name": "AzureStorageKeyDetector"
    },
    {
      "name": "Base64HighEntropyString",
      "limit": 4.5
    },
    {
      "name": "BasicAuthDetector"
    },
    {
      "name": "CloudantDetector"
    },
    {
      "name": "DiscordBotTokenDetector"
    },
    {
      "name": "GitHubTokenDetector"
    },
    {
      "name": "GitLabTokenDetector"
    },
    {
      "name": "HexHighEntropyString",
      "limit": 3.0
    },
    {
      "name": "IbmCloudIamDetector"
    },
    {
      "name": "IbmCosHmacDetector"
    },
    {
      "name": "IPPublicDetector"
    },
    {
      "name": "JwtTokenDetector"
    },
    {
      "name": "KeywordDetector",
      "keyword_exclude": ""
    },
    {
      "name": "MailchimpDetector"
    },
    {
      "name": "NpmDetector"
    },
    {
      "name": "OpenAIDetector"
    },
    {
      "name": "PrivateKeyDetector"
    },
    {
      "name": "PypiTokenDetector"
    },
    {
      "name": "SendGridDetector"
    },
    {
      "name": "SlackDetector"
    },
    {
      "name": "SoftlayerDetector"
    },
    {
      "name": "SquareOAuthDetector"
    },
    {
      "name": "StripeDetector"
    },
    {
      "name": "TelegramBotTokenDetector"
    },
    {
      "name": "TwilioKeyDetector"
    }
  ],
  "filters_used": [
    {
      "path": "detect_secrets.filters.allowlist.is_line_allowlisted"
    },
    {
      "path": "detect_secrets.filters.common.is_baseline_file",
      "filename": ".secrets.baseline"
    },
    {
      "path": "detect_secrets.filters.common.is_ignored_due_to_verification_policies",
      "min_level": 2
    },
    {
      "path": "detect_secrets.filters.heuristic.is_indirect_reference"
    },
    {
      "path": "detect_secrets.filters.heuristic.is_likely_id_string"
    },
    {
      "path": "detect_secrets.filters.heuristic.is_lock_file"
    },
    {
      "path": "detect_secrets.filters.heuristic.is_not_alphanumeric_string"
    },
    {
      "path": "detect_secrets.filters.heuristic.is_potential_uuid"
    },
    {
      "path": "detect_secrets.filters.heuristic.is_prefixed_with_dollar_sign"
    },
    {
      "path": "detect_secrets.filters.heuristic.is_sequential_string"
    },
    {
      "path": "detect_secrets.filters.heuristic.is_swagger_file"
    },
    {
      "path": "detect_secrets.filters.heuristic.is_templated_secret"
    }
  ],
  "results": {
    ".env-example": [
      {
        "type": "Secret Keyword",
        "filename": ".env-example",
        "hashed_secret": "35675e68f4b5af7b995d9205ad0fc43842f16450",
        "is_verified": false,
        "line_number": 66
      },
      {
        "type": "Secret Keyword",
        "filename": ".env-example",
        "hashed_secret": "67ad5f84459e066f594b87d66533bc28f66a0a34",
        "is_verified": false,
        "line_number": 78
      }
    ],
    ".github\\workflows\\ci.yml": [
      {
        "type": "Secret Keyword",
        "filename": ".github\\workflows\\ci.yml",
        "hashed_secret": "206c80413b9a96c1312cc346b7d2517b84463edd",
        "is_verified": false,
        "line_number": 72
      }
    ],
    "README.md": [
      {
        "type": "Basic Auth Credentials",
        "filename": "README.md",
        "hashed_secret": "9d4e1e23bd5b727046a9e3b4b7db57bd8d6ee684",
        "is_verified": false,
        "line_number": 146
      }
    ],
    "alembic.ini": [
      {
        "type": "Basic Auth Credentials",
        "filename": "alembic.ini",
        "hashed_secret": "9d4e1e23bd5b727046a9e3b4b7db57bd8d6ee684",
        "is_verified": false,
        "line_number": 87
      }
    ],
    "src\\db\\migrations\\versions\\73312084d53e_.py": [
      {
        "type": "Hex High Entropy String",
        "filename": "src\\db\\migrations\\versions\\73312084d53e_.py",
        "hashed_secret": "627b5ba8a38c657b2cf394f54a41a99d24a4b518",
        "is_verified": false,
        "line_number": 15
      }
    ],
    "src\\db\\migrations\\versions\\7d1165cbac48_.py": [
      {
        "type": "Hex High Entropy String",
        "filename": "src\\db\\migrations\\versions\\7d1165cbac48_.py",
        "hashed_secret": "8688dd372fed123845b4e75197557a1ad96c82f5",
        "is_verified": false,
        "line_number": 15
      }
    ],
    "src\\db\\migrations\\versions\\81fafec580d5_something.py": [
      {
        "type": "Hex High Entropy String",
        "filename": "src\\db\\migrations\\versions\\81fafec580d5_something.py",
        "hashed_secret": "85f7f440c56042ff448242fc1b2b81c76fed482a",
        "is_verified": false,
        "line_number": 12
      }
    ],
    "src\\db\\migrations\\versions\\b54c014abc37_.py": [
      {
        "type": "Hex High Entropy String",
        "filename": "src\\db\\migrations\\versions\\b54c014abc37_.py",
        "hashed_secret": "5525e40bc828f3ad7f01b6c245a2159ea2445566",
        "is_verified": false,
        "line_number": 12
      }
    ],
    "src\\db\\migrations\\versions\\f695b3212ad1_.py": [
      {
        "type": "Hex High Entropy String",
        "filename": "src\\db\\migrations\\versions\\f695b3212ad1_.py",
        "hashed_secret": "d66dc9dbf66ac1a2f5521ab3e2cc16ed01a5c2a3",
        "is_verified": false,
        "line_number": 15
      }
    ],
    "src\\db\\migrations\\versions\\fa76375f9b46_.py": [
      {
        "type": "Hex High Entropy String",
        "filename": "src\\db\\migrations\\versions\\fa76375f9b46_.py",
        "hashed_secret": "97632e932be08a08510b9e70e631a6663b53a731",
        "is_verified": false,
        "line_number": 12
      }
    ]
  },
  "generated_at": "2025-12-12T18:18:13Z"
}
